// Jest Snapshot v1, https://goo.gl/fbAQLP

exports[`App component renders App 1`] = `
<DocumentFragment>
  <div
    data-testid="allArticles"
  >
    <div>
      <form>
        <label
          for="input"
        >
          Search News Articles
        </label>
        <input
          id="input"
          name="input"
          type="text"
          value=""
        />
        <button
          data-testid="search-button"
        >
          Find Articles
        </button>
      </form>
    </div>
    <ul />
  </div>
</DocumentFragment>
`;
